    Blocking waiting for file lock on package cache
    Updating crates.io index
 Downloading crates ...
  Downloaded cargo-fuzz v0.13.2
  Installing cargo-fuzz v0.13.2
    Blocking waiting for file lock on package cache
    Updating crates.io index
    Blocking waiting for file lock on package cache
    Blocking waiting for file lock on package cache
    Updating crates.io index
    Blocking waiting for file lock on package cache
 Downloading crates ...
  Downloaded anstyle-parse v1.0.0
  Downloaded anstyle v1.0.14
  Downloaded anstream v1.0.0
  Downloaded colorchoice v1.0.5
  Downloaded errno v0.3.14
  Downloaded anstyle-query v1.1.5
  Downloaded current_platform v0.2.0
  Downloaded rustc_version v0.4.1
  Downloaded clap_lex v1.1.0
  Downloaded num_cpus v1.17.0
  Downloaded rayon-core v1.13.0
  Downloaded is_terminal_polyfill v1.70.2
  Downloaded cargo-platform v0.3.3
  Downloaded either v1.16.0
  Downloaded thiserror v2.0.18
  Downloaded fastrand v2.4.1
  Downloaded semver v1.0.28
  Downloaded tempfile v3.27.0
  Downloaded thiserror-impl v2.0.18
  Downloaded quote v1.0.45
  Downloaded bitflags v2.11.1
  Downloaded clap_derive v4.6.1
  Downloaded proc-macro2 v1.0.106
  Downloaded anyhow v1.0.102
  Downloaded getrandom v0.4.2
  Downloaded clap v4.6.1
  Downloaded memchr v2.8.0
  Downloaded serde_json v1.0.150
  Downloaded clap_builder v4.6.0
  Downloaded rayon v1.12.0
  Downloaded syn v2.0.117
  Downloaded rustix v1.1.4
  Downloaded libc v0.2.186
   Compiling serde_core v1.0.228
   Compiling proc-macro2 v1.0.106
   Compiling quote v1.0.45
   Compiling unicode-ident v1.0.24
   Compiling libc v0.2.186
   Compiling crossbeam-utils v0.8.21
   Compiling utf8parse v0.2.2
   Compiling zmij v1.0.21
   Compiling anstyle-parse v1.0.0
   Compiling rustix v1.1.4
   Compiling serde_json v1.0.150
   Compiling getrandom v0.4.2
   Compiling serde v1.0.228
   Compiling rayon-core v1.13.0
   Compiling camino v1.2.2
   Compiling is_terminal_polyfill v1.70.2
   Compiling colorchoice v1.0.5
   Compiling anstyle-query v1.1.5
   Compiling anstyle v1.0.14
   Compiling thiserror v2.0.18
   Compiling anstream v1.0.0
   Compiling crossbeam-epoch v0.9.18
   Compiling crossbeam-deque v0.8.6
   Compiling syn v2.0.117
   Compiling errno v0.3.14
   Compiling semver v1.0.28
   Compiling thiserror-impl v2.0.18
   Compiling serde_derive v1.0.228
   Compiling bitflags v2.11.1
   Compiling cfg-if v1.0.4
   Compiling current_platform v0.2.0
   Compiling heck v0.5.0
   Compiling strsim v0.11.1
   Compiling clap_lex v1.1.0
   Compiling anyhow v1.0.102
   Compiling memchr v2.8.0
   Compiling itoa v1.0.18
   Compiling winnow v1.0.3
   Compiling toml_parser v1.1.2+spec-1.1.0
   Compiling clap_builder v4.6.0
   Compiling clap_derive v4.6.1
   Compiling cargo-platform v0.3.3
   Compiling toml_datetime v1.1.1+spec-1.1.0
   Compiling serde_spanned v1.1.1
   Compiling once_cell v1.21.4
   Compiling either v1.16.0
   Compiling fastrand v2.4.1
   Compiling toml_writer v1.1.1+spec-1.1.0
   Compiling tempfile v3.27.0
   Compiling toml v1.1.2+spec-1.1.0
   Compiling rayon v1.12.0
   Compiling clap v4.6.1
   Compiling rustc_version v0.4.1
   Compiling num_cpus v1.17.0
   Compiling cargo_metadata v0.23.1
   Compiling cargo-fuzz v0.13.2
    Finished `release` profile [optimized] target(s) in 35.19s
  Installing /Users/user/.cargo/bin/cargo-fuzz
   Installed package `cargo-fuzz v0.13.2` (executable `cargo-fuzz`)
