    Updating crates.io index
 Downloading crates ...
  Downloaded cargo-mutants v27.1.0
  Installing cargo-mutants v27.1.0
    Blocking waiting for file lock on package cache
    Updating crates.io index
    Blocking waiting for file lock on package cache
    Blocking waiting for file lock on package cache
    Updating crates.io index
    Blocking waiting for file lock on package cache
 Downloading crates ...
  Downloaded quote v1.0.35
  Downloaded ctrlc v3.4.7
  Downloaded fastrand v2.3.0
  Downloaded dyn-clone v1.0.19
  Downloaded itoa v1.0.14
  Downloaded env_filter v0.1.3
  Downloaded is_terminal_polyfill v1.70.1
  Downloaded env_logger v0.11.6
  Downloaded same-file v1.0.6
  Downloaded terminal_size v0.4.1
  Downloaded serde_derive_internals v0.29.1
  Downloaded camino v1.2.2
  Downloaded aho-corasick v1.1.3
  Downloaded atty v0.2.14
  Downloaded terminal_size v0.1.17
  Downloaded errno v0.3.10
  Downloaded anstream v0.6.18
  Downloaded lazy_static v1.4.0
  Downloaded filetime v0.2.27
  Downloaded thread_local v1.1.8
  Downloaded test-log-macros v0.2.17
  Downloaded num_cpus v1.16.0
  Downloaded test-log v0.2.16
  Downloaded utf8parse v0.2.2
  Downloaded schemars_derive v0.9.0
  Downloaded guppy-workspace-hack v0.1.0
  Downloaded either v1.13.0
  Downloaded console v0.15.0
  Downloaded clap_lex v0.7.4
  Downloaded fs2 v0.4.0
  Downloaded zmij v1.0.21
  Downloaded yansi v0.5.1
  Downloaded nutmeg v0.1.6
  Downloaded tracing-log v0.2.0
  Downloaded whoami v1.5.0
  Downloaded unicode-ident v1.0.16
  Downloaded ref-cast-impl v1.0.24
  Downloaded anstyle v1.0.10
  Downloaded path-slash v0.2.0
  Downloaded walkdir v2.5.0
  Downloaded tracing-attributes v0.1.28
  Downloaded reflink v0.1.3
  Downloaded equivalent v1.0.1
  Downloaded toml_writer v1.1.1+spec-1.1.0
  Downloaded thiserror v2.0.17
  Downloaded thiserror-impl v2.0.17
  Downloaded tracing-core v0.1.33
  Downloaded toml_parser v1.1.2+spec-1.1.0
  Downloaded toml v1.1.2+spec-1.1.0
  Downloaded indoc v2.0.0
  Downloaded rustversion v1.0.19
  Downloaded color-print-proc-macro v0.3.7
  Downloaded strum v0.26.0
  Downloaded tracing v0.1.41
  Downloaded mutants v0.0.3
  Downloaded strsim v0.11.1
  Downloaded color-print v0.3.1
  Downloaded ref-cast v1.0.24
  Downloaded winnow v1.0.3
  Downloaded nextest-workspace-hack v0.1.0
  Downloaded target-lexicon v0.12.16
  Downloaded tracing-subscriber v0.3.20
  Downloaded anstyle-query v1.1.2
  Downloaded matchers v0.2.0
  Downloaded unicode-width v0.1.14
  Downloaded colorchoice v1.0.3
  Downloaded cfg-if v1.0.0
  Downloaded ignore v0.4.23
  Downloaded target-spec v3.2.2
  Downloaded jobserver v0.1.0
  Downloaded globset v0.4.16
  Downloaded clap_complete v4.0.0
  Downloaded nu-ansi-term v0.50.1
  Downloaded pin-project-lite v0.2.16
  Downloaded nextest-metadata v0.12.1
  Downloaded cfg_aliases v0.2.1
  Downloaded anstyle-parse v0.2.6
  Downloaded clap_derive v4.5.28
  Downloaded cargo-platform v0.3.2
  Downloaded anyhow v1.0.86
  Downloaded strum_macros v0.26.4
  Downloaded sharded-slab v0.1.7
  Downloaded smol_str v0.3.2
  Downloaded semver v1.0.27
  Downloaded log v0.4.25
  Downloaded crossbeam-utils v0.8.21
  Downloaded crossbeam-deque v0.8.6
  Downloaded cargo_metadata v0.23.1
  Downloaded bitflags v2.8.0
  Downloaded smallvec v1.13.2
  Downloaded proc-macro2 v1.0.95
  Downloaded once_cell v1.20.3
  Downloaded crossbeam-epoch v0.9.18
  Downloaded tempfile v3.22.0
  Downloaded clap v4.5.28
  Downloaded serde_derive v1.0.228
  Downloaded cfg-expr v0.17.2
  Downloaded serde_core v1.0.228
  Downloaded similar v2.1.0
  Downloaded getrandom v0.3.3
  Downloaded serde v1.0.228
  Downloaded minimal-lexical v0.2.1
  Downloaded schemars v0.9.0
  Downloaded flickzeug v0.4.5
  Downloaded nom v7.1.3
  Downloaded serde_json v1.0.149
  Downloaded itertools v0.13.0
  Downloaded indexmap v2.14.0
  Downloaded borsh v1.5.5
  Downloaded memchr v2.7.4
  Downloaded clap_builder v4.5.27
  Downloaded regex v1.10.0
  Downloaded bstr v1.11.3
  Downloaded syn v2.0.104
  Downloaded regex-syntax v0.8.5
  Downloaded rustix v0.38.44
  Downloaded nix v0.30.1
  Downloaded rustix v1.1.2
  Downloaded regex-automata v0.4.9
  Downloaded jiff v0.1.29
  Downloaded libc v0.2.174
    Blocking waiting for file lock on package cache
   Compiling proc-macro2 v1.0.95
   Compiling unicode-ident v1.0.16
   Compiling libc v0.2.174
   Compiling serde_core v1.0.228
   Compiling memchr v2.7.4
   Compiling bitflags v2.8.0
   Compiling cfg-if v1.0.0
   Compiling once_cell v1.20.3
   Compiling regex-syntax v0.8.5
   Compiling serde v1.0.228
   Compiling rustix v0.38.44
   Compiling zmij v1.0.21
   Compiling aho-corasick v1.1.3
   Compiling utf8parse v0.2.2
   Compiling log v0.4.25
   Compiling anstyle-parse v0.2.6
   Compiling regex-automata v0.4.9
   Compiling errno v0.3.10
   Compiling anstyle-query v1.1.2
   Compiling colorchoice v1.0.3
   Compiling serde_json v1.0.149
   Compiling anstyle v1.0.10
   Compiling is_terminal_polyfill v1.70.1
   Compiling anstream v0.6.18
   Compiling heck v0.5.0
   Compiling target-lexicon v0.12.16
   Compiling itoa v1.0.14
   Compiling smallvec v1.13.2
   Compiling crossbeam-utils v0.8.21
   Compiling quote v1.0.35
   Compiling syn v2.0.104
   Compiling tracing-core v0.1.33
   Compiling thiserror v2.0.17
   Compiling camino v1.2.2
   Compiling guppy-workspace-hack v0.1.0
   Compiling rustversion v1.0.19
   Compiling strsim v0.11.1
   Compiling terminal_size v0.4.1
   Compiling cfg_aliases v0.2.1
   Compiling nix v0.30.1
   Compiling serde_derive v1.0.228
   Compiling tracing-attributes v0.1.28
   Compiling thiserror-impl v2.0.17
   Compiling nextest-workspace-hack v0.1.0
   Compiling clap_lex v0.7.4
   Compiling target-spec v3.2.2
   Compiling getrandom v0.3.3
   Compiling ref-cast v1.0.24
   Compiling rustix v1.1.2
   Compiling lazy_static v1.4.0
   Compiling nu-ansi-term v0.50.1
   Compiling minimal-lexical v0.2.1
   Compiling pin-project-lite v0.2.16
   Compiling tracing v0.1.41
   Compiling nom v7.1.3
   Compiling sharded-slab v0.1.7
   Compiling clap_builder v4.5.27
   Compiling crossbeam-epoch v0.9.18
   Compiling cfg-expr v0.17.2
   Compiling clap_derive v4.5.28
   Compiling ref-cast-impl v1.0.24
   Compiling serde_derive_internals v0.29.1
   Compiling tracing-log v0.2.0
   Compiling matchers v0.2.0
   Compiling env_filter v0.1.3
   Compiling bstr v1.11.3
   Compiling thread_local v1.1.8
   Compiling winnow v1.0.3
   Compiling same-file v1.0.6
   Compiling anyhow v1.0.86
   Compiling walkdir v2.5.0
   Compiling toml_parser v1.1.2+spec-1.1.0
   Compiling globset v0.4.16
   Compiling tracing-subscriber v0.3.20
   Compiling clap v4.5.28
   Compiling env_logger v0.11.6
   Compiling schemars_derive v0.9.0
   Compiling crossbeam-deque v0.8.6
   Compiling strum_macros v0.26.4
   Compiling smol_str v0.3.2
   Compiling color-print-proc-macro v0.3.7
   Compiling test-log-macros v0.2.17
   Compiling toml_datetime v1.1.1+spec-1.1.0
   Compiling serde_spanned v1.1.1
   Compiling cargo-platform v0.3.2
   Compiling semver v1.0.27
   Compiling regex v1.10.0
   Compiling terminal_size v0.1.17
   Compiling atty v0.2.14
   Compiling toml_writer v1.1.1+spec-1.1.0
   Compiling dyn-clone v1.0.19
   Compiling fastrand v2.3.0
   Compiling either v1.13.0
   Compiling unicode-width v0.1.14
   Compiling yansi v0.5.1
   Compiling console v0.15.0
   Compiling itertools v0.13.0
   Compiling tempfile v3.22.0
   Compiling nutmeg v0.1.6
   Compiling schemars v0.9.0
   Compiling toml v1.1.2+spec-1.1.0
   Compiling cargo_metadata v0.23.1
   Compiling color-print v0.3.1
   Compiling strum v0.26.0
   Compiling test-log v0.2.16
   Compiling nextest-metadata v0.12.1
   Compiling clap_complete v4.0.0
   Compiling ignore v0.4.23
   Compiling ctrlc v3.4.7
   Compiling flickzeug v0.4.5
   Compiling jiff v0.1.29
   Compiling num_cpus v1.16.0
   Compiling jobserver v0.1.0
   Compiling filetime v0.2.27
   Compiling reflink v0.1.3
   Compiling fs2 v0.4.0
   Compiling mutants v0.0.3
   Compiling similar v2.1.0
   Compiling indoc v2.0.0
   Compiling whoami v1.5.0
   Compiling path-slash v0.2.0
   Compiling cargo-mutants v27.1.0
    Finished `release` profile [optimized] target(s) in 56.51s
  Installing /Users/user/.cargo/bin/cargo-mutants
   Installed package `cargo-mutants v27.1.0` (executable `cargo-mutants`)
