=== rustup install ===
info: downloading installer
warn: it looks like you have an existing rustup settings file at:
warn: /Users/user/.rustup/settings.toml
warn: rustup will install the default toolchain as specified in the settings file,
warn: instead of the one inferred from the default host tuple.
info: profile set to minimal
info: default host tuple is aarch64-apple-darwin
warn: Updating existing toolchain, profile choice will be ignored
info: syncing channel updates for 1.88.0-aarch64-apple-darwin
info: default toolchain set to 1.88.0-aarch64-apple-darwin

  1.88.0-aarch64-apple-darwin unchanged - rustc 1.88.0 (6b00bc388 2025-06-23)


Rust is installed now. Great!

To get started you may need to restart your current shell.
This would reload your PATH environment variable to include
Cargo's bin directory ($HOME/.cargo/bin).

To configure your current shell, you need to source the
corresponding env file under $HOME/.cargo.

Consider running the right command for your shell (note the leading DOT):
. "$HOME/.cargo/env"           # For sh/ash/dash/pdksh/zsh
source "$HOME/.cargo/env.tcsh" # For tcsh
