started_at=2026-09-09T16:34:17Z
info: downloading component rust-std
    Updating crates.io index
 Downloading crates ...
  Downloaded wasm-bindgen-cli v0.2.128
  Installing wasm-bindgen-cli v0.2.128
    Updating crates.io index
    Updating crates.io index
 Downloading crates ...
  Downloaded alloc-no-stdlib v2.0.4
  Downloaded ascii v1.1.0
  Downloaded env_filter v2.0.0
  Downloaded clap v4.6.6
  Downloaded adler2 v2.0.1
  Downloaded defmt-parser v1.0.0
  Downloaded clap_derive v4.6.4
  Downloaded anyhow v1.0.104
  Downloaded webpki-roots v1.0.9
  Downloaded quick-error v1.2.3
  Downloaded threadpool v1.8.1
  Downloaded safemem v0.3.3
  Downloaded filetime v0.2.29
  Downloaded env_logger v0.11.11
  Downloaded alloc-stdlib v0.2.4
  Downloaded twoway v0.1.8
  Downloaded leb128 v0.2.7
  Downloaded mime v0.3.17
  Downloaded shlex v1.3.0
  Downloaded fastrand v2.5.0
  Downloaded either v1.18.0
  Downloaded buf_redux v0.8.4
  Downloaded leb128fmt v0.1.0
  Downloaded unicase v2.9.0
  Downloaded crossbeam-deque v0.8.7
  Downloaded crossbeam-utils v0.8.22
  Downloaded wasm-bindgen-test-shared v0.2.128
  Downloaded time-core v0.1.9
  Downloaded rand_chacha v0.3.1
  Downloaded simd-adler32 v0.3.10
  Downloaded tiny_http v0.12.0
  Downloaded walrus-macro v0.26.0
  Downloaded utf8-zero v0.8.1
  Downloaded getrandom v0.4.3
  Downloaded rand_core v0.6.4
  Downloaded num_threads v0.1.7
  Downloaded httpdate v1.0.3
  Downloaded num-conv v0.2.2
  Downloaded chunked_transfer v1.5.0
  Downloaded sha1_smol v1.0.1
  Downloaded id-arena v2.3.0
  Downloaded powerfmt v0.2.0
  Downloaded base64 v0.13.1
  Downloaded rustc-demangle v0.1.28
  Downloaded rouille v3.6.2
  Downloaded iana-time-zone v0.1.65
  Downloaded crossbeam-epoch v0.9.20
  Downloaded fallible-iterator v0.3.0
  Downloaded deranged v0.5.8
  Downloaded defmt-macros v1.1.1
  Downloaded defmt v1.1.1
  Downloaded miniz_oxide v0.9.1
  Downloaded bitflags v1.3.2
  Downloaded ppv-lite86 v0.2.21
  Downloaded mime_guess v2.0.5
  Downloaded multipart v0.18.0
  Downloaded base64 v0.23.1
  Downloaded jiff-core v0.1.0
  Downloaded wasm-encoder v0.245.1
  Downloaded ureq-proto v0.6.1
  Downloaded rand v0.8.8
  Downloaded hashbrown v0.16.1
  Downloaded ureq v3.4.0
  Downloaded clap_builder v4.6.6
  Downloaded brotli-decompressor v5.0.3
  Downloaded walrus v0.26.5
  Downloaded wasmparser v0.245.1
  Downloaded wasm-bindgen-cli-support v0.2.128
  Downloaded chrono v0.4.45
  Downloaded gimli v0.32.3
  Downloaded time v0.3.55
  Downloaded syn v3.0.5
  Downloaded rustls v0.23.43
  Downloaded jiff v0.2.35
   Compiling proc-macro2 v1.0.107
   Compiling unicode-ident v1.0.24
   Compiling quote v1.0.47
   Compiling libc v0.2.189
   Compiling stable_deref_trait v1.2.1
   Compiling cfg-if v1.0.4
   Compiling serde_core v1.0.229
   Compiling memchr v2.8.3
   Compiling log v0.4.34
   Compiling crossbeam-utils v0.8.22
   Compiling find-msvc-tools v0.1.12
   Compiling litemap v0.8.3
   Compiling writeable v0.6.4
   Compiling crossbeam-epoch v0.9.20
   Compiling shlex v2.0.1
   Compiling cc v1.4.5
   Compiling bitflags v2.13.1
   Compiling crossbeam-deque v0.8.7
   Compiling icu_properties_data v2.3.0
   Compiling zerocopy v0.8.56
   Compiling utf8_iter v1.0.4
   Compiling icu_normalizer_data v2.3.0
   Compiling ring v0.17.14
   Compiling syn v3.0.5
   Compiling syn v2.0.119
   Compiling getrandom v0.2.17
   Compiling synstructure v0.13.2
   Compiling serde v1.0.229
   Compiling zerofrom-derive v0.1.7
   Compiling yoke-derive v0.8.2
   Compiling rayon-core v1.13.0
   Compiling itoa v1.0.18
   Compiling zerofrom v0.1.8
   Compiling httparse v1.10.1
   Compiling zerovec-derive v0.11.6
   Compiling displaydoc v0.2.7
   Compiling serde_derive v1.0.229
   Compiling zmij v1.0.23
   Compiling heck v0.5.0
   Compiling hashbrown v0.17.1
   Compiling utf8parse v0.2.2
   Compiling unicase v2.9.0
   Compiling getrandom v0.4.3
   Compiling autocfg v1.5.1
   Compiling smallvec v1.16.0
   Compiling rustix v1.1.4
   Compiling once_cell v1.21.4
   Compiling zeroize v1.9.0
   Compiling equivalent v1.0.2
   Compiling indexmap v2.14.1
   Compiling rustls-pki-types v1.15.1
   Compiling yoke v0.8.3
   Compiling num-traits v0.2.19
   Compiling mime_guess v2.0.5
   Compiling anstyle-parse v1.0.0
   Compiling ppv-lite86 v0.2.21
   Compiling rand_core v0.6.4
   Compiling errno v0.3.14
   Compiling aho-corasick v1.1.5
   Compiling serde_json v1.0.151
   Compiling percent-encoding v2.3.2
   Compiling foldhash v0.2.0
   Compiling is_terminal_polyfill v1.70.2
   Compiling anstyle-query v1.1.5
   Compiling anyhow v1.0.104
   Compiling either v1.18.0
   Compiling untrusted v0.9.0
   Compiling colorchoice v1.0.5
   Compiling regex-syntax v0.8.11
   Compiling anstyle v1.0.14
   Compiling crc32fast v1.5.1
   Compiling zerovec v0.11.8
   Compiling zerotrie v0.2.5
   Compiling anstream v1.0.0
   Compiling regex-automata v0.4.18
   Compiling rayon v1.12.0
   Compiling hashbrown v0.16.1
   Compiling rand_chacha v0.3.1
   Compiling tinystr v0.8.4
   Compiling potential_utf v0.1.6
   Compiling icu_collections v2.3.0
   Compiling icu_locale_core v2.3.0
   Compiling rustls v0.23.43
   Compiling bytes v1.12.1
   Compiling fallible-iterator v0.3.0
   Compiling icu_provider v2.3.1
   Compiling adler2 v2.0.1
   Compiling alloc-no-stdlib v2.0.4
   Compiling mime v0.3.17
   Compiling icu_properties v2.3.0
   Compiling icu_normalizer v2.3.0
   Compiling simd-adler32 v0.3.10
   Compiling idna_adapter v1.2.2
   Compiling core-foundation-sys v0.8.7
   Compiling wasm-bindgen-shared v0.2.128
   Compiling safemem v0.3.3
   Compiling semver v1.0.28
   Compiling fastrand v2.5.0
   Compiling leb128fmt v0.1.0
   Compiling tempfile v3.27.0
   Compiling wasm-encoder v0.245.1
   Compiling wasmparser v0.245.1
   Compiling buf_redux v0.8.4
   Compiling iana-time-zone v0.1.65
   Compiling idna v1.1.0
   Compiling miniz_oxide v0.9.1
   Compiling alloc-stdlib v0.2.4
   Compiling gimli v0.32.3
   Compiling http v1.5.0
   Compiling id-arena v2.3.0
   Compiling rand v0.8.8
   Compiling regex v1.13.1
   Compiling rustls-webpki v0.103.15
   Compiling form_urlencoded v1.2.2
   Compiling walrus-macro v0.26.0
   Compiling num_threads v0.1.7
   Compiling num_cpus v1.17.0
   Compiling twoway v0.1.8
   Compiling jiff-core v0.1.0
   Compiling powerfmt v0.2.0
   Compiling time-core v0.1.9
   Compiling strsim v0.11.1
   Compiling leb128 v0.2.7
   Compiling base64 v0.23.1
   Compiling ascii v1.1.0
   Compiling chunked_transfer v1.5.0
   Compiling deranged v0.5.8
   Compiling clap_lex v1.1.0
   Compiling httpdate v1.0.3
   Compiling num-conv v0.2.2
   Compiling subtle v2.6.1
   Compiling quick-error v1.2.3
   Compiling multipart v0.18.0
   Compiling tiny_http v0.12.0
   Compiling walrus v0.26.5
   Compiling time v0.3.55
   Compiling clap_builder v4.6.6
   Compiling jiff v0.2.35
   Compiling ureq-proto v0.6.1
   Compiling threadpool v1.8.1
   Compiling url v2.5.8
   Compiling env_filter v2.0.0
   Compiling flate2 v1.1.10
   Compiling brotli-decompressor v5.0.3
   Compiling chrono v0.4.45
   Compiling webpki-roots v1.0.9
   Compiling clap_derive v4.6.4
   Compiling filetime v0.2.29
   Compiling sha1_smol v1.0.1
   Compiling base64 v0.22.1
   Compiling rustc-demangle v0.1.28
   Compiling base64 v0.13.1
   Compiling utf8-zero v0.8.1
   Compiling ureq v3.4.0
   Compiling rouille v3.6.2
   Compiling wasm-bindgen-cli-support v0.2.128
   Compiling clap v4.6.6
   Compiling env_logger v0.11.11
   Compiling shlex v1.3.0
   Compiling wasm-bindgen-test-shared v0.2.128
   Compiling wasm-bindgen-cli v0.2.128
    Finished `release` profile [optimized] target(s) in 49.51s
warning: the following packages contain code that will be rejected by a future version of Rust: buf_redux v0.8.4, multipart v0.18.0
note: to see what the problems were, use the option `--future-incompat-report`, or run `cargo report future-incompatibilities --id 1`
  Installing /Users/user/.cargo/bin/wasm-bindgen
  Installing /Users/user/.cargo/bin/wasm-bindgen-test-runner
  Installing /Users/user/.cargo/bin/wasm2es6js
   Installed package `wasm-bindgen-cli v0.2.128` (executables `wasm-bindgen`, `wasm-bindgen-test-runner`, `wasm2es6js`)
wasm-bindgen 0.2.128
finished_at=2026-09-09T16:35:13Z
